Archive member included because of file (symbol)

c:/winavr-20100110/bin/../lib/gcc/avr/4.3.3/avr5\libgcc.a(_mulsi3.o)
                              ./main.o (__mulsi3)
c:/winavr-20100110/bin/../lib/gcc/avr/4.3.3/avr5\libgcc.a(_divmodhi4.o)
                              ./main.o (__divmodhi4)
c:/winavr-20100110/bin/../lib/gcc/avr/4.3.3/avr5\libgcc.a(_exit.o)
                              c:/winavr-20100110/bin/../lib/gcc/avr/4.3.3/../../../../avr/lib/avr5/crtm32.o (exit)
c:/winavr-20100110/bin/../lib/gcc/avr/4.3.3/avr5\libgcc.a(_copy_data.o)
                              ./main.o (__do_copy_data)
c:/winavr-20100110/bin/../lib/gcc/avr/4.3.3/avr5\libgcc.a(_clear_bss.o)
                              ./heap_1.o (__do_clear_bss)
c:/winavr-20100110/bin/../lib/gcc/avr/4.3.3/avr5\libgcc.a(_fixunssfsi.o)
                              ./main.o (__fixunssfsi)
c:/winavr-20100110/bin/../lib/gcc/avr/4.3.3/avr5\libgcc.a(_addsub_sf.o)
                              c:/winavr-20100110/bin/../lib/gcc/avr/4.3.3/avr5\libgcc.a(_fixunssfsi.o) (__subsf3)
c:/winavr-20100110/bin/../lib/gcc/avr/4.3.3/avr5\libgcc.a(_div_sf.o)
                              ./main.o (__divsf3)
c:/winavr-20100110/bin/../lib/gcc/avr/4.3.3/avr5\libgcc.a(_ge_sf.o)
                              c:/winavr-20100110/bin/../lib/gcc/avr/4.3.3/avr5\libgcc.a(_fixunssfsi.o) (__gesf2)
c:/winavr-20100110/bin/../lib/gcc/avr/4.3.3/avr5\libgcc.a(_sf_to_si.o)
                              c:/winavr-20100110/bin/../lib/gcc/avr/4.3.3/avr5\libgcc.a(_fixunssfsi.o) (__fixsfsi)
c:/winavr-20100110/bin/../lib/gcc/avr/4.3.3/avr5\libgcc.a(_thenan_sf.o)
                              c:/winavr-20100110/bin/../lib/gcc/avr/4.3.3/avr5\libgcc.a(_addsub_sf.o) (__thenan_sf)
c:/winavr-20100110/bin/../lib/gcc/avr/4.3.3/avr5\libgcc.a(_usi_to_sf.o)
                              ./main.o (__floatunsisf)
c:/winavr-20100110/bin/../lib/gcc/avr/4.3.3/avr5\libgcc.a(_udivmodhi4.o)
                              c:/winavr-20100110/bin/../lib/gcc/avr/4.3.3/avr5\libgcc.a(_divmodhi4.o) (__udivmodhi4)
c:/winavr-20100110/bin/../lib/gcc/avr/4.3.3/avr5\libgcc.a(_prologue.o)
                              c:/winavr-20100110/bin/../lib/gcc/avr/4.3.3/avr5\libgcc.a(_addsub_sf.o) (__prologue_saves__)
c:/winavr-20100110/bin/../lib/gcc/avr/4.3.3/avr5\libgcc.a(_epilogue.o)
                              c:/winavr-20100110/bin/../lib/gcc/avr/4.3.3/avr5\libgcc.a(_addsub_sf.o) (__epilogue_restores__)
c:/winavr-20100110/bin/../lib/gcc/avr/4.3.3/avr5\libgcc.a(_clzsi2.o)
                              c:/winavr-20100110/bin/../lib/gcc/avr/4.3.3/avr5\libgcc.a(_usi_to_sf.o) (__clzsi2)
c:/winavr-20100110/bin/../lib/gcc/avr/4.3.3/avr5\libgcc.a(_pack_sf.o)
                              c:/winavr-20100110/bin/../lib/gcc/avr/4.3.3/avr5\libgcc.a(_addsub_sf.o) (__pack_f)
c:/winavr-20100110/bin/../lib/gcc/avr/4.3.3/avr5\libgcc.a(_unpack_sf.o)
                              c:/winavr-20100110/bin/../lib/gcc/avr/4.3.3/avr5\libgcc.a(_addsub_sf.o) (__unpack_f)
c:/winavr-20100110/bin/../lib/gcc/avr/4.3.3/avr5\libgcc.a(_fpcmp_parts_sf.o)
                              c:/winavr-20100110/bin/../lib/gcc/avr/4.3.3/avr5\libgcc.a(_ge_sf.o) (__fpcmp_parts_f)
c:/winavr-20100110/bin/../lib/gcc/avr/4.3.3/avr5\libgcc.a(_clz.o)
                              c:/winavr-20100110/bin/../lib/gcc/avr/4.3.3/avr5\libgcc.a(_clzsi2.o) (__clz_tab)
c:/winavr-20100110/bin/../lib/gcc/avr/4.3.3/../../../../avr/lib/avr5\libc.a(memcpy.o)
                              ./queue.o (memcpy)
c:/winavr-20100110/bin/../lib/gcc/avr/4.3.3/../../../../avr/lib/avr5\libc.a(memset.o)
                              ./stream_buffer.o (memset)

Allocating common symbols
Common symbol       size              file

Mutes               0x2               ./main.o
DriverSeatTemperature
                    0x2               ./main.o
PassengerSeatTemperature
                    0x2               ./main.o

Memory Configuration

Name             Origin             Length             Attributes
text             0x00000000         0x00020000         xr
data             0x00800060         0x0000ffa0         rw !x
eeprom           0x00810000         0x00010000         rw !x
fuse             0x00820000         0x00000400         rw !x
lock             0x00830000         0x00000400         rw !x
signature        0x00840000         0x00000400         rw !x
*default*        0x00000000         0xffffffff

Linker script and memory map

LOAD c:/winavr-20100110/bin/../lib/gcc/avr/4.3.3/../../../../avr/lib/avr5/crtm32.o
LOAD ./croutine.o
LOAD ./event_groups.o
LOAD ./heap_1.o
LOAD ./list.o
LOAD ./main.o
LOAD ./port.o
LOAD ./queue.o
LOAD ./softwareDelay.o
LOAD ./stream_buffer.o
LOAD ./tasks.o
LOAD ./timers.o
LOAD c:/winavr-20100110/bin/../lib/gcc/avr/4.3.3/avr5\libgcc.a
LOAD c:/winavr-20100110/bin/../lib/gcc/avr/4.3.3/../../../../avr/lib/avr5\libc.a
LOAD c:/winavr-20100110/bin/../lib/gcc/avr/4.3.3/avr5\libgcc.a

.hash
 *(.hash)

.dynsym
 *(.dynsym)

.dynstr
 *(.dynstr)

.gnu.version
 *(.gnu.version)

.gnu.version_d
 *(.gnu.version_d)

.gnu.version_r
 *(.gnu.version_r)

.rel.init
 *(.rel.init)

.rela.init
 *(.rela.init)

.rel.text
 *(.rel.text)
 *(.rel.text.*)
 *(.rel.gnu.linkonce.t*)

.rela.text
 *(.rela.text)
 *(.rela.text.*)
 *(.rela.gnu.linkonce.t*)

.rel.fini
 *(.rel.fini)

.rela.fini
 *(.rela.fini)

.rel.rodata
 *(.rel.rodata)
 *(.rel.rodata.*)
 *(.rel.gnu.linkonce.r*)

.rela.rodata
 *(.rela.rodata)
 *(.rela.rodata.*)
 *(.rela.gnu.linkonce.r*)

.rel.data
 *(.rel.data)
 *(.rel.data.*)
 *(.rel.gnu.linkonce.d*)

.rela.data
 *(.rela.data)
 *(.rela.data.*)
 *(.rela.gnu.linkonce.d*)

.rel.ctors
 *(.rel.ctors)

.rela.ctors
 *(.rela.ctors)

.rel.dtors
 *(.rel.dtors)

.rela.dtors
 *(.rela.dtors)

.rel.got
 *(.rel.got)

.rela.got
 *(.rela.got)

.rel.bss
 *(.rel.bss)

.rela.bss
 *(.rela.bss)

.rel.plt
 *(.rel.plt)

.rela.plt
 *(.rela.plt)

.text           0x00000000     0x653e
 *(.vectors)
 .vectors       0x00000000       0x54 c:/winavr-20100110/bin/../lib/gcc/avr/4.3.3/../../../../avr/lib/avr5/crtm32.o
                0x00000000                __vectors
                0x00000000                __vector_default
 *(.vectors)
 *(.progmem.gcc*)
 *(.progmem*)
                0x00000054                . = ALIGN (0x2)
                0x00000054                __trampolines_start = .
 *(.trampolines)
 .trampolines   0x00000054        0x0 linker stubs
 *(.trampolines*)
                0x00000054                __trampolines_end = .
 *(.jumptables)
 *(.jumptables*)
 *(.lowtext)
 *(.lowtext*)
                0x00000054                __ctors_start = .
 *(.ctors)
                0x00000054                __ctors_end = .
                0x00000054                __dtors_start = .
 *(.dtors)
                0x00000054                __dtors_end = .
 SORT(*)(.ctors)
 SORT(*)(.dtors)
 *(.init0)
 .init0         0x00000054        0x0 c:/winavr-20100110/bin/../lib/gcc/avr/4.3.3/../../../../avr/lib/avr5/crtm32.o
                0x00000054                __init
 *(.init0)
 *(.init1)
 *(.init1)
 *(.init2)
 .init2         0x00000054        0xc c:/winavr-20100110/bin/../lib/gcc/avr/4.3.3/../../../../avr/lib/avr5/crtm32.o
 *(.init2)
 *(.init3)
 *(.init3)
 *(.init4)
 .init4         0x00000060       0x16 c:/winavr-20100110/bin/../lib/gcc/avr/4.3.3/avr5\libgcc.a(_copy_data.o)
                0x00000060                __do_copy_data
 .init4         0x00000076       0x10 c:/winavr-20100110/bin/../lib/gcc/avr/4.3.3/avr5\libgcc.a(_clear_bss.o)
                0x00000076                __do_clear_bss
 *(.init4)
 *(.init5)
 *(.init5)
 *(.init6)
 *(.init6)
 *(.init7)
 *(.init7)
 *(.init8)
 *(.init8)
 *(.init9)
 .init9         0x00000086        0x8 c:/winavr-20100110/bin/../lib/gcc/avr/4.3.3/../../../../avr/lib/avr5/crtm32.o
 *(.init9)
 *(.text)
 .text          0x0000008e        0x4 c:/winavr-20100110/bin/../lib/gcc/avr/4.3.3/../../../../avr/lib/avr5/crtm32.o
                0x0000008e                __vector_1
                0x0000008e                __vector_12
                0x0000008e                __bad_interrupt
                0x0000008e                __vector_6
                0x0000008e                __vector_3
                0x0000008e                __vector_11
                0x0000008e                __vector_13
                0x0000008e                __vector_17
                0x0000008e                __vector_19
                0x0000008e                __vector_5
                0x0000008e                __vector_4
                0x0000008e                __vector_9
                0x0000008e                __vector_2
                0x0000008e                __vector_15
                0x0000008e                __vector_8
                0x0000008e                __vector_14
                0x0000008e                __vector_10
                0x0000008e                __vector_16
                0x0000008e                __vector_18
                0x0000008e                __vector_20
 .text          0x00000092        0x0 ./croutine.o
 .text          0x00000092        0x0 ./event_groups.o
 .text          0x00000092        0x0 ./heap_1.o
 .text          0x00000092        0x0 ./list.o
 .text          0x00000092        0x0 ./main.o
 .text          0x00000092        0x0 ./port.o
 .text          0x00000092        0x0 ./queue.o
 .text          0x00000092        0x0 ./softwareDelay.o
 .text          0x00000092        0x0 ./stream_buffer.o
 .text          0x00000092        0x0 ./tasks.o
 .text          0x00000092        0x0 ./timers.o
 .text          0x00000092        0x0 c:/winavr-20100110/bin/../lib/gcc/avr/4.3.3/avr5\libgcc.a(_mulsi3.o)
 .text          0x00000092        0x0 c:/winavr-20100110/bin/../lib/gcc/avr/4.3.3/avr5\libgcc.a(_divmodhi4.o)
 .text          0x00000092        0x0 c:/winavr-20100110/bin/../lib/gcc/avr/4.3.3/avr5\libgcc.a(_exit.o)
 .text          0x00000092        0x0 c:/winavr-20100110/bin/../lib/gcc/avr/4.3.3/avr5\libgcc.a(_copy_data.o)
 .text          0x00000092        0x0 c:/winavr-20100110/bin/../lib/gcc/avr/4.3.3/avr5\libgcc.a(_clear_bss.o)
 .text          0x00000092       0x58 c:/winavr-20100110/bin/../lib/gcc/avr/4.3.3/avr5\libgcc.a(_fixunssfsi.o)
                0x00000092                __fixunssfsi
 .text          0x000000ea      0x354 c:/winavr-20100110/bin/../lib/gcc/avr/4.3.3/avr5\libgcc.a(_addsub_sf.o)
                0x00000382                __subsf3
                0x000003e4                __addsf3
 .text          0x0000043e      0x158 c:/winavr-20100110/bin/../lib/gcc/avr/4.3.3/avr5\libgcc.a(_div_sf.o)
                0x0000043e                __divsf3
 .text          0x00000596       0x60 c:/winavr-20100110/bin/../lib/gcc/avr/4.3.3/avr5\libgcc.a(_ge_sf.o)
                0x00000596                __gesf2
 .text          0x000005f6       0xa8 c:/winavr-20100110/bin/../lib/gcc/avr/4.3.3/avr5\libgcc.a(_sf_to_si.o)
                0x000005f6                __fixsfsi
 .text          0x0000069e        0x0 c:/winavr-20100110/bin/../lib/gcc/avr/4.3.3/avr5\libgcc.a(_thenan_sf.o)
 .text          0x0000069e       0xf2 c:/winavr-20100110/bin/../lib/gcc/avr/4.3.3/avr5\libgcc.a(_usi_to_sf.o)
                0x0000069e                __floatunsisf
 .text          0x00000790        0x0 c:/winavr-20100110/bin/../lib/gcc/avr/4.3.3/avr5\libgcc.a(_udivmodhi4.o)
 .text          0x00000790        0x0 c:/winavr-20100110/bin/../lib/gcc/avr/4.3.3/avr5\libgcc.a(_prologue.o)
 .text          0x00000790        0x0 c:/winavr-20100110/bin/../lib/gcc/avr/4.3.3/avr5\libgcc.a(_epilogue.o)
 .text          0x00000790       0x9e c:/winavr-20100110/bin/../lib/gcc/avr/4.3.3/avr5\libgcc.a(_clzsi2.o)
                0x00000790                __clzsi2
 .text          0x0000082e      0x1aa c:/winavr-20100110/bin/../lib/gcc/avr/4.3.3/avr5\libgcc.a(_pack_sf.o)
                0x0000082e                __pack_f
 .text          0x000009d8       0xf0 c:/winavr-20100110/bin/../lib/gcc/avr/4.3.3/avr5\libgcc.a(_unpack_sf.o)
                0x000009d8                __unpack_f
 .text          0x00000ac8       0xb2 c:/winavr-20100110/bin/../lib/gcc/avr/4.3.3/avr5\libgcc.a(_fpcmp_parts_sf.o)
                0x00000ac8                __fpcmp_parts_f
 .text          0x00000b7a        0x0 c:/winavr-20100110/bin/../lib/gcc/avr/4.3.3/avr5\libgcc.a(_clz.o)
 .text          0x00000b7a        0x0 c:/winavr-20100110/bin/../lib/gcc/avr/4.3.3/../../../../avr/lib/avr5\libc.a(memcpy.o)
 .text          0x00000b7a        0x0 c:/winavr-20100110/bin/../lib/gcc/avr/4.3.3/../../../../avr/lib/avr5\libc.a(memset.o)
                0x00000b7a                . = ALIGN (0x2)
 *(.text.*)
 .text.xEventGroupCreate
                0x00000b7a       0x3e ./event_groups.o
                0x00000b7a                xEventGroupCreate
 .text.xEventGroupSync
                0x00000bb8      0x172 ./event_groups.o
                0x00000bb8                xEventGroupSync
 .text.xEventGroupWaitBits
                0x00000d2a      0x18c ./event_groups.o
                0x00000d2a                xEventGroupWaitBits
 .text.xEventGroupClearBits
                0x00000eb6       0x6c ./event_groups.o
                0x00000eb6                xEventGroupClearBits
 .text.xEventGroupGetBitsFromISR
                0x00000f22       0x44 ./event_groups.o
                0x00000f22                xEventGroupGetBitsFromISR
 .text.xEventGroupSetBits
                0x00000f66      0x164 ./event_groups.o
                0x00000f66                xEventGroupSetBits
 .text.vEventGroupDelete
                0x000010ca       0x62 ./event_groups.o
                0x000010ca                vEventGroupDelete
 .text.vEventGroupSetBitsCallback
                0x0000112c       0x3a ./event_groups.o
                0x0000112c                vEventGroupSetBitsCallback
 .text.vEventGroupClearBitsCallback
                0x00001166       0x3a ./event_groups.o
                0x00001166                vEventGroupClearBitsCallback
 .text.prvTestWaitCondition
                0x000011a0       0x64 ./event_groups.o
 .text.pvPortMalloc
                0x00001204       0xac ./heap_1.o
                0x00001204                pvPortMalloc
 .text.vPortFree
                0x000012b0       0x18 ./heap_1.o
                0x000012b0                vPortFree
 .text.vPortInitialiseBlocks
                0x000012c8       0x16 ./heap_1.o
                0x000012c8                vPortInitialiseBlocks
 .text.xPortGetFreeHeapSize
                0x000012de       0x1e ./heap_1.o
                0x000012de                xPortGetFreeHeapSize
 .text.vListInitialise
                0x000012fc       0x54 ./list.o
                0x000012fc                vListInitialise
 .text.vListInitialiseItem
                0x00001350       0x20 ./list.o
                0x00001350                vListInitialiseItem
 .text.vListInsertEnd
                0x00001370       0x88 ./list.o
                0x00001370                vListInsertEnd
 .text.vListInsert
                0x000013f8       0xd8 ./list.o
                0x000013f8                vListInsert
 .text.uxListRemove
                0x000014d0       0x98 ./list.o
                0x000014d0                uxListRemove
 .text.PassengerButtonHandler
                0x00001568      0x10e ./main.o
                0x00001568                PassengerButtonHandler
 .text.DriverButtonHandle
                0x00001676      0x10e ./main.o
                0x00001676                DriverButtonHandle
 .text.Temperature_Task
                0x00001784       0xa2 ./main.o
                0x00001784                Temperature_Task
 .text.Heating_level_LOW
                0x00001826      0x10a ./main.o
                0x00001826                Heating_level_LOW
 .text.Heating_level_MEDUIM
                0x00001930      0x10a ./main.o
                0x00001930                Heating_level_MEDUIM
 .text.Heating_level_HIGH
                0x00001a3a      0x10a ./main.o
                0x00001a3a                Heating_level_HIGH
 .text.main     0x00001b44       0xf6 ./main.o
                0x00001b44                main
 .text.Hardware_init
                0x00001c3a       0x22 ./main.o
                0x00001c3a                Hardware_init
 .text.GetDriverButtonState
                0x00001c5c       0x36 ./main.o
                0x00001c5c                GetDriverButtonState
 .text.GetPassengerButtonState
                0x00001c92       0x36 ./main.o
                0x00001c92                GetPassengerButtonState
 .text.ADC_Init
                0x00001cc8       0x1e ./main.o
                0x00001cc8                ADC_Init
 .text.ADC_Read
                0x00001ce6       0x56 ./main.o
                0x00001ce6                ADC_Read
 .text.LM35_getTemperature
                0x00001d3c       0x7a ./main.o
                0x00001d3c                LM35_getTemperature
 .text.Buttons_init
                0x00001db6       0x2a ./main.o
                0x00001db6                Buttons_init
 .text.Leds_init
                0x00001de0       0x38 ./main.o
                0x00001de0                Leds_init
 .text.DriverYellowLED_On
                0x00001e18       0x1c ./main.o
                0x00001e18                DriverYellowLED_On
 .text.DriverYellowLED_Off
                0x00001e34       0x1c ./main.o
                0x00001e34                DriverYellowLED_Off
 .text.DriverBlueLED_On
                0x00001e50       0x1c ./main.o
                0x00001e50                DriverBlueLED_On
 .text.DriverBlueLED_Off
                0x00001e6c       0x1c ./main.o
                0x00001e6c                DriverBlueLED_Off
 .text.DriverGreenLED_On
                0x00001e88       0x1c ./main.o
                0x00001e88                DriverGreenLED_On
 .text.DriverGreenLED_Off
                0x00001ea4       0x1c ./main.o
                0x00001ea4                DriverGreenLED_Off
 .text.RedLED_On
                0x00001ec0       0x1c ./main.o
                0x00001ec0                RedLED_On
 .text.RedLED_Off
                0x00001edc       0x1c ./main.o
                0x00001edc                RedLED_Off
 .text.UART_init
                0x00001ef8       0x3e ./main.o
                0x00001ef8                UART_init
 .text.UART_sendChar
                0x00001f36       0x2e ./main.o
                0x00001f36                UART_sendChar
 .text.UART_sendString
                0x00001f64       0x3a ./main.o
                0x00001f64                UART_sendString
 .text.PassengerYellowLED_On
                0x00001f9e       0x1c ./main.o
                0x00001f9e                PassengerYellowLED_On
 .text.PassengerYellowLED_Off
                0x00001fba       0x1c ./main.o
                0x00001fba                PassengerYellowLED_Off
 .text.PassengerBlueLED_On
                0x00001fd6       0x1c ./main.o
                0x00001fd6                PassengerBlueLED_On
 .text.PassengerBlueLED_Off
                0x00001ff2       0x1c ./main.o
                0x00001ff2                PassengerBlueLED_Off
 .text.PassengerGreenLED_On
                0x0000200e       0x1c ./main.o
                0x0000200e                PassengerGreenLED_On
 .text.PassengerGreenLED_Off
                0x0000202a       0x1c ./main.o
                0x0000202a                PassengerGreenLED_Off
 .text.pxPortInitialiseStack
                0x00002046      0x306 ./port.o
                0x00002046                pxPortInitialiseStack
 .text.xPortStartScheduler
                0x0000234c       0x6a ./port.o
                0x0000234c                xPortStartScheduler
 .text.vPortEndScheduler
                0x000023b6        0xe ./port.o
                0x000023b6                vPortEndScheduler
 .text.vPortYield
                0x000023c4       0xb2 ./port.o
                0x000023c4                vPortYield
 .text.vPortYieldFromTick
                0x00002476       0xba ./port.o
                0x00002476                vPortYieldFromTick
 .text.prvSetupTimerInterrupt
                0x00002530       0xb8 ./port.o
 .text.__vector_7
                0x000025e8        0x6 ./port.o
                0x000025e8                __vector_7
 .text.xQueueGenericReset
                0x000025ee      0x10c ./queue.o
                0x000025ee                xQueueGenericReset
 .text.xQueueGenericCreate
                0x000026fa       0xa2 ./queue.o
                0x000026fa                xQueueGenericCreate
 .text.prvInitialiseNewQueue
                0x0000279c       0x76 ./queue.o
 .text.prvInitialiseMutex
                0x00002812       0x48 ./queue.o
 .text.xQueueCreateMutex
                0x0000285a       0x40 ./queue.o
                0x0000285a                xQueueCreateMutex
 .text.xQueueGenericSend
                0x0000289a      0x158 ./queue.o
                0x0000289a                xQueueGenericSend
 .text.xQueueGenericSendFromISR
                0x000029f2       0xb0 ./queue.o
                0x000029f2                xQueueGenericSendFromISR
 .text.xQueueGiveFromISR
                0x00002aa2       0xa2 ./queue.o
                0x00002aa2                xQueueGiveFromISR
 .text.xQueueReceive
                0x00002b44      0x156 ./queue.o
                0x00002b44                xQueueReceive
 .text.xQueueSemaphoreTake
                0x00002c9a      0x1aa ./queue.o
                0x00002c9a                xQueueSemaphoreTake
 .text.xQueuePeek
                0x00002e44      0x164 ./queue.o
                0x00002e44                xQueuePeek
 .text.xQueueReceiveFromISR
                0x00002fa8       0xae ./queue.o
                0x00002fa8                xQueueReceiveFromISR
 .text.xQueuePeekFromISR
                0x00003056       0x72 ./queue.o
                0x00003056                xQueuePeekFromISR
 .text.uxQueueMessagesWaiting
                0x000030c8       0x30 ./queue.o
                0x000030c8                uxQueueMessagesWaiting
 .text.uxQueueSpacesAvailable
                0x000030f8       0x4a ./queue.o
                0x000030f8                uxQueueSpacesAvailable
 .text.uxQueueMessagesWaitingFromISR
                0x00003142       0x34 ./queue.o
                0x00003142                uxQueueMessagesWaitingFromISR
 .text.vQueueDelete
                0x00003176       0x2e ./queue.o
                0x00003176                vQueueDelete
 .text.prvGetDisinheritPriorityAfterTimeout
                0x000031a4       0x42 ./queue.o
 .text.prvCopyDataToQueue
                0x000031e6      0x170 ./queue.o
 .text.prvCopyDataFromQueue
                0x00003356       0x8e ./queue.o
 .text.prvUnlockQueue
                0x000033e4       0xa6 ./queue.o
 .text.prvIsQueueEmpty
                0x0000348a       0x3a ./queue.o
 .text.xQueueIsQueueEmptyFromISR
                0x000034c4       0x3e ./queue.o
                0x000034c4                xQueueIsQueueEmptyFromISR
 .text.prvIsQueueFull
                0x00003502       0x40 ./queue.o
 .text.xQueueIsQueueFullFromISR
                0x00003542       0x44 ./queue.o
                0x00003542                xQueueIsQueueFullFromISR
 .text.SwDelay_ms
                0x00003586       0x7c ./softwareDelay.o
                0x00003586                SwDelay_ms
 .text.SwDelay_us
                0x00003602       0x58 ./softwareDelay.o
                0x00003602                SwDelay_us
 .text.xStreamBufferGenericCreate
                0x0000365a       0x98 ./stream_buffer.o
                0x0000365a                xStreamBufferGenericCreate
 .text.vStreamBufferDelete
                0x000036f2       0x52 ./stream_buffer.o
                0x000036f2                vStreamBufferDelete
 .text.xStreamBufferReset
                0x00003744       0x84 ./stream_buffer.o
                0x00003744                xStreamBufferReset
 .text.xStreamBufferSetTriggerLevel
                0x000037c8       0x6e ./stream_buffer.o
                0x000037c8                xStreamBufferSetTriggerLevel
 .text.xStreamBufferSpacesAvailable
                0x00003836       0x8c ./stream_buffer.o
                0x00003836                xStreamBufferSpacesAvailable
 .text.xStreamBufferBytesAvailable
                0x000038c2       0x3c ./stream_buffer.o
                0x000038c2                xStreamBufferBytesAvailable
 .text.xStreamBufferSend
                0x000038fe      0x190 ./stream_buffer.o
                0x000038fe                xStreamBufferSend
 .text.xStreamBufferSendFromISR
                0x00003a8e       0xfa ./stream_buffer.o
                0x00003a8e                xStreamBufferSendFromISR
 .text.prvWriteMessageToBuffer
                0x00003b88       0xe4 ./stream_buffer.o
 .text.xStreamBufferReceive
                0x00003c6c      0x174 ./stream_buffer.o
                0x00003c6c                xStreamBufferReceive
 .text.xStreamBufferNextMessageLengthBytes
                0x00003de0       0xa4 ./stream_buffer.o
                0x00003de0                xStreamBufferNextMessageLengthBytes
 .text.xStreamBufferReceiveFromISR
                0x00003e84       0xf0 ./stream_buffer.o
                0x00003e84                xStreamBufferReceiveFromISR
 .text.prvReadMessageFromBuffer
                0x00003f74       0xd8 ./stream_buffer.o
 .text.xStreamBufferIsEmpty
                0x0000404c       0x5a ./stream_buffer.o
                0x0000404c                xStreamBufferIsEmpty
 .text.xStreamBufferIsFull
                0x000040a6       0x70 ./stream_buffer.o
                0x000040a6                xStreamBufferIsFull
 .text.xStreamBufferSendCompletedFromISR
                0x00004116       0x86 ./stream_buffer.o
                0x00004116                xStreamBufferSendCompletedFromISR
 .text.xStreamBufferReceiveCompletedFromISR
                0x0000419c       0x86 ./stream_buffer.o
                0x0000419c                xStreamBufferReceiveCompletedFromISR
 .text.prvWriteBytesToBuffer
                0x00004222      0x11a ./stream_buffer.o
 .text.prvReadBytesFromBuffer
                0x0000433c      0x15a ./stream_buffer.o
 .text.prvBytesInBuffer
                0x00004496       0x74 ./stream_buffer.o
 .text.prvInitialiseNewStreamBuffer
                0x0000450a       0x78 ./stream_buffer.o
 .text.xTaskCreate
                0x00004582       0xf0 ./tasks.o
                0x00004582                xTaskCreate
 .text.prvInitialiseNewTask
                0x00004672      0x186 ./tasks.o
 .text.prvAddNewTaskToReadyList
                0x000047f8       0xf0 ./tasks.o
 .text.vTaskDelete
                0x000048e8       0xe4 ./tasks.o
                0x000048e8                vTaskDelete
 .text.vTaskDelayUntil
                0x000049cc       0xe4 ./tasks.o
                0x000049cc                vTaskDelayUntil
 .text.vTaskDelay
                0x00004ab0       0x44 ./tasks.o
                0x00004ab0                vTaskDelay
 .text.vTaskSuspend
                0x00004af4       0xe8 ./tasks.o
                0x00004af4                vTaskSuspend
 .text.prvTaskIsTaskSuspended
                0x00004bdc       0x5e ./tasks.o
 .text.vTaskResume
                0x00004c3a       0xc8 ./tasks.o
                0x00004c3a                vTaskResume
 .text.xTaskResumeFromISR
                0x00004d02       0xcc ./tasks.o
                0x00004d02                xTaskResumeFromISR
 .text.vTaskStartScheduler
                0x00004dce       0x64 ./tasks.o
                0x00004dce                vTaskStartScheduler
 .text.vTaskEndScheduler
                0x00004e32       0x18 ./tasks.o
                0x00004e32                vTaskEndScheduler
 .text.vTaskSuspendAll
                0x00004e4a       0x18 ./tasks.o
                0x00004e4a                vTaskSuspendAll
 .text.xTaskResumeAll
                0x00004e62      0x126 ./tasks.o
                0x00004e62                xTaskResumeAll
 .text.xTaskGetTickCount
                0x00004f88       0x2e ./tasks.o
                0x00004f88                xTaskGetTickCount
 .text.xTaskGetTickCountFromISR
                0x00004fb6       0x2a ./tasks.o
                0x00004fb6                xTaskGetTickCountFromISR
 .text.uxTaskGetNumberOfTasks
                0x00004fe0       0x12 ./tasks.o
                0x00004fe0                uxTaskGetNumberOfTasks
 .text.pcTaskGetName
                0x00004ff2       0x50 ./tasks.o
                0x00004ff2                pcTaskGetName
 .text.xTaskIncrementTick
                0x00005042      0x1ca ./tasks.o
                0x00005042                xTaskIncrementTick
 .text.vTaskSwitchContext
                0x0000520c       0xda ./tasks.o
                0x0000520c                vTaskSwitchContext
 .text.vTaskPlaceOnEventList
                0x000052e6       0x44 ./tasks.o
                0x000052e6                vTaskPlaceOnEventList
 .text.vTaskPlaceOnUnorderedEventList
                0x0000532a       0x60 ./tasks.o
                0x0000532a                vTaskPlaceOnUnorderedEventList
 .text.xTaskRemoveFromEventList
                0x0000538a       0xd6 ./tasks.o
                0x0000538a                xTaskRemoveFromEventList
 .text.vTaskRemoveFromUnorderedEventList
                0x00005460       0xba ./tasks.o
                0x00005460                vTaskRemoveFromUnorderedEventList
 .text.vTaskSetTimeOutState
                0x0000551a       0x3c ./tasks.o
                0x0000551a                vTaskSetTimeOutState
 .text.vTaskInternalSetTimeOutState
                0x00005556       0x32 ./tasks.o
                0x00005556                vTaskInternalSetTimeOutState
 .text.xTaskCheckForTimeOut
                0x00005588       0xda ./tasks.o
                0x00005588                xTaskCheckForTimeOut
 .text.vTaskMissedYield
                0x00005662       0x14 ./tasks.o
                0x00005662                vTaskMissedYield
 .text.prvIdleTask
                0x00005676       0x14 ./tasks.o
 .text.prvInitialiseTaskLists
                0x0000568a       0x82 ./tasks.o
 .text.prvCheckTasksWaitingTermination
                0x0000570c       0x5e ./tasks.o
 .text.prvDeleteTCB
                0x0000576a       0x2c ./tasks.o
 .text.prvResetNextTaskUnblockTime
                0x00005796       0x56 ./tasks.o
 .text.xTaskGetCurrentTaskHandle
                0x000057ec       0x24 ./tasks.o
                0x000057ec                xTaskGetCurrentTaskHandle
 .text.xTaskPriorityInherit
                0x00005810      0x13c ./tasks.o
                0x00005810                xTaskPriorityInherit
 .text.xTaskPriorityDisinherit
                0x0000594c       0xe4 ./tasks.o
                0x0000594c                xTaskPriorityDisinherit
 .text.vTaskPriorityDisinheritAfterTimeout
                0x00005a30      0x12a ./tasks.o
                0x00005a30                vTaskPriorityDisinheritAfterTimeout
 .text.uxTaskResetEventItemValue
                0x00005b5a       0x4e ./tasks.o
                0x00005b5a                uxTaskResetEventItemValue
 .text.pvTaskIncrementMutexHeldCount
                0x00005ba8       0x30 ./tasks.o
                0x00005ba8                pvTaskIncrementMutexHeldCount
 .text.ulTaskNotifyTake
                0x00005bd8       0xee ./tasks.o
                0x00005bd8                ulTaskNotifyTake
 .text.xTaskNotifyWait
                0x00005cc6      0x138 ./tasks.o
                0x00005cc6                xTaskNotifyWait
 .text.xTaskGenericNotify
                0x00005dfe      0x1ba ./tasks.o
                0x00005dfe                xTaskGenericNotify
 .text.xTaskGenericNotifyFromISR
                0x00005fb8      0x1f0 ./tasks.o
                0x00005fb8                xTaskGenericNotifyFromISR
 .text.vTaskNotifyGiveFromISR
                0x000061a8      0x10c ./tasks.o
                0x000061a8                vTaskNotifyGiveFromISR
 .text.xTaskNotifyStateClear
                0x000062b4       0x74 ./tasks.o
                0x000062b4                xTaskNotifyStateClear
 .text.prvAddCurrentTaskToDelayedList
                0x00006328       0xf8 ./tasks.o
 .text.libgcc   0x00006420       0x3e c:/winavr-20100110/bin/../lib/gcc/avr/4.3.3/avr5\libgcc.a(_mulsi3.o)
                0x00006420                __mulsi3
 .text.libgcc   0x0000645e       0x26 c:/winavr-20100110/bin/../lib/gcc/avr/4.3.3/avr5\libgcc.a(_divmodhi4.o)
                0x0000645e                __divmodhi4
                0x0000645e                _div
 .text.libgcc   0x00006484        0x0 c:/winavr-20100110/bin/../lib/gcc/avr/4.3.3/avr5\libgcc.a(_exit.o)
 .text.libgcc   0x00006484        0x0 c:/winavr-20100110/bin/../lib/gcc/avr/4.3.3/avr5\libgcc.a(_copy_data.o)
 .text.libgcc   0x00006484        0x0 c:/winavr-20100110/bin/../lib/gcc/avr/4.3.3/avr5\libgcc.a(_clear_bss.o)
 .text.libgcc   0x00006484       0x28 c:/winavr-20100110/bin/../lib/gcc/avr/4.3.3/avr5\libgcc.a(_udivmodhi4.o)
                0x00006484                __udivmodhi4
 .text.libgcc   0x000064ac       0x38 c:/winavr-20100110/bin/../lib/gcc/avr/4.3.3/avr5\libgcc.a(_prologue.o)
                0x000064ac                __prologue_saves__
 .text.libgcc   0x000064e4       0x36 c:/winavr-20100110/bin/../lib/gcc/avr/4.3.3/avr5\libgcc.a(_epilogue.o)
                0x000064e4                __epilogue_restores__
 .text.avr-libc
                0x0000651a       0x12 c:/winavr-20100110/bin/../lib/gcc/avr/4.3.3/../../../../avr/lib/avr5\libc.a(memcpy.o)
                0x0000651a                memcpy
 .text.avr-libc
                0x0000652c        0xe c:/winavr-20100110/bin/../lib/gcc/avr/4.3.3/../../../../avr/lib/avr5\libc.a(memset.o)
                0x0000652c                memset
                0x0000653a                . = ALIGN (0x2)
 *(.fini9)
 .fini9         0x0000653a        0x0 c:/winavr-20100110/bin/../lib/gcc/avr/4.3.3/avr5\libgcc.a(_exit.o)
                0x0000653a                exit
                0x0000653a                _exit
 *(.fini9)
 *(.fini8)
 *(.fini8)
 *(.fini7)
 *(.fini7)
 *(.fini6)
 *(.fini6)
 *(.fini5)
 *(.fini5)
 *(.fini4)
 *(.fini4)
 *(.fini3)
 *(.fini3)
 *(.fini2)
 *(.fini2)
 *(.fini1)
 *(.fini1)
 *(.fini0)
 .fini0         0x0000653a        0x4 c:/winavr-20100110/bin/../lib/gcc/avr/4.3.3/avr5\libgcc.a(_exit.o)
 *(.fini0)
                0x0000653e                _etext = .

.data           0x00800060      0x138 load address 0x0000653e
                0x00800060                PROVIDE (__data_start, .)
 *(.data)
 .data          0x00800060        0x0 c:/winavr-20100110/bin/../lib/gcc/avr/4.3.3/../../../../avr/lib/avr5/crtm32.o
 .data          0x00800060        0x0 ./croutine.o
 .data          0x00800060        0x0 ./event_groups.o
 .data          0x00800060        0x0 ./heap_1.o
 .data          0x00800060        0x0 ./list.o
 .data          0x00800060       0x2b ./main.o
 .data          0x0080008b        0x0 ./port.o
 .data          0x0080008b        0x0 ./queue.o
 .data          0x0080008b        0x0 ./softwareDelay.o
 .data          0x0080008b        0x0 ./stream_buffer.o
 .data          0x0080008b        0x5 ./tasks.o
 .data          0x00800090        0x0 ./timers.o
 .data          0x00800090        0x0 c:/winavr-20100110/bin/../lib/gcc/avr/4.3.3/avr5\libgcc.a(_mulsi3.o)
 .data          0x00800090        0x0 c:/winavr-20100110/bin/../lib/gcc/avr/4.3.3/avr5\libgcc.a(_divmodhi4.o)
 .data          0x00800090        0x0 c:/winavr-20100110/bin/../lib/gcc/avr/4.3.3/avr5\libgcc.a(_exit.o)
 .data          0x00800090        0x0 c:/winavr-20100110/bin/../lib/gcc/avr/4.3.3/avr5\libgcc.a(_copy_data.o)
 .data          0x00800090        0x0 c:/winavr-20100110/bin/../lib/gcc/avr/4.3.3/avr5\libgcc.a(_clear_bss.o)
 .data          0x00800090        0x0 c:/winavr-20100110/bin/../lib/gcc/avr/4.3.3/avr5\libgcc.a(_fixunssfsi.o)
 .data          0x00800090        0x0 c:/winavr-20100110/bin/../lib/gcc/avr/4.3.3/avr5\libgcc.a(_addsub_sf.o)
 .data          0x00800090        0x0 c:/winavr-20100110/bin/../lib/gcc/avr/4.3.3/avr5\libgcc.a(_div_sf.o)
 .data          0x00800090        0x0 c:/winavr-20100110/bin/../lib/gcc/avr/4.3.3/avr5\libgcc.a(_ge_sf.o)
 .data          0x00800090        0x0 c:/winavr-20100110/bin/../lib/gcc/avr/4.3.3/avr5\libgcc.a(_sf_to_si.o)
 .data          0x00800090        0x8 c:/winavr-20100110/bin/../lib/gcc/avr/4.3.3/avr5\libgcc.a(_thenan_sf.o)
                0x00800090                __thenan_sf
 .data          0x00800098        0x0 c:/winavr-20100110/bin/../lib/gcc/avr/4.3.3/avr5\libgcc.a(_usi_to_sf.o)
 .data          0x00800098        0x0 c:/winavr-20100110/bin/../lib/gcc/avr/4.3.3/avr5\libgcc.a(_udivmodhi4.o)
 .data          0x00800098        0x0 c:/winavr-20100110/bin/../lib/gcc/avr/4.3.3/avr5\libgcc.a(_prologue.o)
 .data          0x00800098        0x0 c:/winavr-20100110/bin/../lib/gcc/avr/4.3.3/avr5\libgcc.a(_epilogue.o)
 .data          0x00800098        0x0 c:/winavr-20100110/bin/../lib/gcc/avr/4.3.3/avr5\libgcc.a(_clzsi2.o)
 .data          0x00800098        0x0 c:/winavr-20100110/bin/../lib/gcc/avr/4.3.3/avr5\libgcc.a(_pack_sf.o)
 .data          0x00800098        0x0 c:/winavr-20100110/bin/../lib/gcc/avr/4.3.3/avr5\libgcc.a(_unpack_sf.o)
 .data          0x00800098        0x0 c:/winavr-20100110/bin/../lib/gcc/avr/4.3.3/avr5\libgcc.a(_fpcmp_parts_sf.o)
 .data          0x00800098      0x100 c:/winavr-20100110/bin/../lib/gcc/avr/4.3.3/avr5\libgcc.a(_clz.o)
                0x00800098                __clz_tab
 .data          0x00800198        0x0 c:/winavr-20100110/bin/../lib/gcc/avr/4.3.3/../../../../avr/lib/avr5\libc.a(memcpy.o)
 .data          0x00800198        0x0 c:/winavr-20100110/bin/../lib/gcc/avr/4.3.3/../../../../avr/lib/avr5\libc.a(memset.o)
 *(.data*)
 *(.rodata)
 *(.rodata*)
 *(.gnu.linkonce.d*)
                0x00800198                . = ALIGN (0x2)
                0x00800198                _edata = .
                0x00800198                PROVIDE (__data_end, .)

.bss            0x00800198      0x68c
                0x00800198                PROVIDE (__bss_start, .)
 *(.bss)
 .bss           0x00800198        0x0 c:/winavr-20100110/bin/../lib/gcc/avr/4.3.3/../../../../avr/lib/avr5/crtm32.o
 .bss           0x00800198        0x0 ./croutine.o
 .bss           0x00800198        0x0 ./event_groups.o
 .bss           0x00800198        0x0 ./heap_1.o
 .bss           0x00800198        0x0 ./list.o
 .bss           0x00800198        0x0 ./main.o
 .bss           0x00800198        0x0 ./port.o
 .bss           0x00800198        0x0 ./queue.o
 .bss           0x00800198        0x0 ./softwareDelay.o
 .bss           0x00800198        0x0 ./stream_buffer.o
 .bss           0x00800198        0x0 ./tasks.o
 .bss           0x00800198        0x0 ./timers.o
 .bss           0x00800198        0x0 c:/winavr-20100110/bin/../lib/gcc/avr/4.3.3/avr5\libgcc.a(_mulsi3.o)
 .bss           0x00800198        0x0 c:/winavr-20100110/bin/../lib/gcc/avr/4.3.3/avr5\libgcc.a(_divmodhi4.o)
 .bss           0x00800198        0x0 c:/winavr-20100110/bin/../lib/gcc/avr/4.3.3/avr5\libgcc.a(_exit.o)
 .bss           0x00800198        0x0 c:/winavr-20100110/bin/../lib/gcc/avr/4.3.3/avr5\libgcc.a(_copy_data.o)
 .bss           0x00800198        0x0 c:/winavr-20100110/bin/../lib/gcc/avr/4.3.3/avr5\libgcc.a(_clear_bss.o)
 .bss           0x00800198        0x0 c:/winavr-20100110/bin/../lib/gcc/avr/4.3.3/avr5\libgcc.a(_fixunssfsi.o)
 .bss           0x00800198        0x0 c:/winavr-20100110/bin/../lib/gcc/avr/4.3.3/avr5\libgcc.a(_addsub_sf.o)
 .bss           0x00800198        0x0 c:/winavr-20100110/bin/../lib/gcc/avr/4.3.3/avr5\libgcc.a(_div_sf.o)
 .bss           0x00800198        0x0 c:/winavr-20100110/bin/../lib/gcc/avr/4.3.3/avr5\libgcc.a(_ge_sf.o)
 .bss           0x00800198        0x0 c:/winavr-20100110/bin/../lib/gcc/avr/4.3.3/avr5\libgcc.a(_sf_to_si.o)
 .bss           0x00800198        0x0 c:/winavr-20100110/bin/../lib/gcc/avr/4.3.3/avr5\libgcc.a(_thenan_sf.o)
 .bss           0x00800198        0x0 c:/winavr-20100110/bin/../lib/gcc/avr/4.3.3/avr5\libgcc.a(_usi_to_sf.o)
 .bss           0x00800198        0x0 c:/winavr-20100110/bin/../lib/gcc/avr/4.3.3/avr5\libgcc.a(_udivmodhi4.o)
 .bss           0x00800198        0x0 c:/winavr-20100110/bin/../lib/gcc/avr/4.3.3/avr5\libgcc.a(_prologue.o)
 .bss           0x00800198        0x0 c:/winavr-20100110/bin/../lib/gcc/avr/4.3.3/avr5\libgcc.a(_epilogue.o)
 .bss           0x00800198        0x0 c:/winavr-20100110/bin/../lib/gcc/avr/4.3.3/avr5\libgcc.a(_clzsi2.o)
 .bss           0x00800198        0x0 c:/winavr-20100110/bin/../lib/gcc/avr/4.3.3/avr5\libgcc.a(_pack_sf.o)
 .bss           0x00800198        0x0 c:/winavr-20100110/bin/../lib/gcc/avr/4.3.3/avr5\libgcc.a(_unpack_sf.o)
 .bss           0x00800198        0x0 c:/winavr-20100110/bin/../lib/gcc/avr/4.3.3/avr5\libgcc.a(_fpcmp_parts_sf.o)
 .bss           0x00800198        0x0 c:/winavr-20100110/bin/../lib/gcc/avr/4.3.3/avr5\libgcc.a(_clz.o)
 .bss           0x00800198        0x0 c:/winavr-20100110/bin/../lib/gcc/avr/4.3.3/../../../../avr/lib/avr5\libc.a(memcpy.o)
 .bss           0x00800198        0x0 c:/winavr-20100110/bin/../lib/gcc/avr/4.3.3/../../../../avr/lib/avr5\libc.a(memset.o)
 *(.bss*)
 .bss.xNextFreeByte
                0x00800198        0x2 ./heap_1.o
 .bss.pucAlignedHeap.1652
                0x0080019a        0x2 ./heap_1.o
 .bss.ucHeap    0x0080019c      0x5dc ./heap_1.o
 .bss.xEventGroup
                0x00800778        0x2 ./main.o
                0x00800778                xEventGroup
 .bss.DriverButtonState.1827
                0x0080077a        0x2 ./main.o
 .bss.cnt.1826  0x0080077c        0x2 ./main.o
 .bss.DriverButtonState.1865
                0x0080077e        0x2 ./main.o
 .bss.cnt.1864  0x00800780        0x2 ./main.o
 .bss.pxCurrentTCB
                0x00800782        0x2 ./tasks.o
                0x00800782                pxCurrentTCB
 .bss.uxDeletedTasksWaitingCleanUp
                0x00800784        0x1 ./tasks.o
 .bss.uxCurrentNumberOfTasks
                0x00800785        0x1 ./tasks.o
 .bss.xTickCount
                0x00800786        0x2 ./tasks.o
 .bss.uxTopReadyPriority
                0x00800788        0x1 ./tasks.o
 .bss.xSchedulerRunning
                0x00800789        0x1 ./tasks.o
 .bss.uxPendedTicks
                0x0080078a        0x1 ./tasks.o
 .bss.xYieldPending
                0x0080078b        0x1 ./tasks.o
 .bss.xNumOfOverflows
                0x0080078c        0x1 ./tasks.o
 .bss.uxTaskNumber
                0x0080078d        0x1 ./tasks.o
 .bss.xNextTaskUnblockTime
                0x0080078e        0x2 ./tasks.o
 .bss.xIdleTaskHandle
                0x00800790        0x2 ./tasks.o
 .bss.uxSchedulerSuspended
                0x00800792        0x1 ./tasks.o
 .bss.pxReadyTasksLists
                0x00800793       0x5a ./tasks.o
 .bss.xDelayedTaskList1
                0x008007ed        0x9 ./tasks.o
 .bss.xDelayedTaskList2
                0x008007f6        0x9 ./tasks.o
 .bss.pxDelayedTaskList
                0x008007ff        0x2 ./tasks.o
 .bss.pxOverflowDelayedTaskList
                0x00800801        0x2 ./tasks.o
 .bss.xPendingReadyList
                0x00800803        0x9 ./tasks.o
 .bss.xTasksWaitingTermination
                0x0080080c        0x9 ./tasks.o
 .bss.xSuspendedTaskList
                0x00800815        0x9 ./tasks.o
 *(COMMON)
 COMMON         0x0080081e        0x6 ./main.o
                0x0080081e                Mutes
                0x00800820                DriverSeatTemperature
                0x00800822                PassengerSeatTemperature
                0x00800824                PROVIDE (__bss_end, .)
                0x0000653e                __data_load_start = LOADADDR (.data)
                0x00006676                __data_load_end = (__data_load_start + SIZEOF (.data))

.noinit         0x00800824        0x0
                0x00800824                PROVIDE (__noinit_start, .)
 *(.noinit*)
                0x00800824                PROVIDE (__noinit_end, .)
                0x00800824                _end = .
                0x00800824                PROVIDE (__heap_start, .)

.eeprom         0x00810000        0x0
 *(.eeprom*)
                0x00810000                __eeprom_end = .

.fuse
 *(.fuse)
 *(.lfuse)
 *(.hfuse)
 *(.efuse)

.lock
 *(.lock*)

.signature
 *(.signature*)

.stab           0x00000000     0x90e4
 *(.stab)
 .stab          0x00000000      0x66c ./croutine.o
 .stab          0x0000066c      0xdc8 ./event_groups.o
                               0x1158 (size before relaxing)
 .stab          0x00001434      0x2f4 ./heap_1.o
                                0x7f8 (size before relaxing)
 .stab          0x00001728      0x45c ./list.o
                                0x894 (size before relaxing)
 .stab          0x00001b84      0xf6c ./main.o
                               0x1488 (size before relaxing)
 .stab          0x00002af0      0x864 ./port.o
                                0xdbc (size before relaxing)
 .stab          0x00003354     0x1cb0 ./queue.o
                               0x21e4 (size before relaxing)
 .stab          0x00005004      0x198 ./softwareDelay.o
                                0x240 (size before relaxing)
 .stab          0x0000519c     0x15f0 ./stream_buffer.o
                               0x1a88 (size before relaxing)
 .stab          0x0000678c     0x27cc ./tasks.o
                               0x2d00 (size before relaxing)
 .stab          0x00008f58      0x18c ./timers.o
                                0x6f0 (size before relaxing)

.stabstr        0x00000000     0x4c1d
 *(.stabstr)
 .stabstr       0x00000000     0x4c1d ./croutine.o

.stab.excl
 *(.stab.excl)

.stab.exclstr
 *(.stab.exclstr)

.stab.index
 *(.stab.index)

.stab.indexstr
 *(.stab.indexstr)

.comment
 *(.comment)

.debug
 *(.debug)

.line
 *(.line)

.debug_srcinfo
 *(.debug_srcinfo)

.debug_sfnames
 *(.debug_sfnames)

.debug_aranges  0x00000000      0x140
 *(.debug_aranges)
 .debug_aranges
                0x00000000       0x20 c:/winavr-20100110/bin/../lib/gcc/avr/4.3.3/avr5\libgcc.a(_fixunssfsi.o)
 .debug_aranges
                0x00000020       0x20 c:/winavr-20100110/bin/../lib/gcc/avr/4.3.3/avr5\libgcc.a(_addsub_sf.o)
 .debug_aranges
                0x00000040       0x20 c:/winavr-20100110/bin/../lib/gcc/avr/4.3.3/avr5\libgcc.a(_div_sf.o)
 .debug_aranges
                0x00000060       0x20 c:/winavr-20100110/bin/../lib/gcc/avr/4.3.3/avr5\libgcc.a(_ge_sf.o)
 .debug_aranges
                0x00000080       0x20 c:/winavr-20100110/bin/../lib/gcc/avr/4.3.3/avr5\libgcc.a(_sf_to_si.o)
 .debug_aranges
                0x000000a0       0x20 c:/winavr-20100110/bin/../lib/gcc/avr/4.3.3/avr5\libgcc.a(_usi_to_sf.o)
 .debug_aranges
                0x000000c0       0x20 c:/winavr-20100110/bin/../lib/gcc/avr/4.3.3/avr5\libgcc.a(_clzsi2.o)
 .debug_aranges
                0x000000e0       0x20 c:/winavr-20100110/bin/../lib/gcc/avr/4.3.3/avr5\libgcc.a(_pack_sf.o)
 .debug_aranges
                0x00000100       0x20 c:/winavr-20100110/bin/../lib/gcc/avr/4.3.3/avr5\libgcc.a(_unpack_sf.o)
 .debug_aranges
                0x00000120       0x20 c:/winavr-20100110/bin/../lib/gcc/avr/4.3.3/avr5\libgcc.a(_fpcmp_parts_sf.o)

.debug_pubnames
                0x00000000      0x197
 *(.debug_pubnames)
 .debug_pubnames
                0x00000000       0x23 c:/winavr-20100110/bin/../lib/gcc/avr/4.3.3/avr5\libgcc.a(_fixunssfsi.o)
 .debug_pubnames
                0x00000023       0x2c c:/winavr-20100110/bin/../lib/gcc/avr/4.3.3/avr5\libgcc.a(_addsub_sf.o)
 .debug_pubnames
                0x0000004f       0x1f c:/winavr-20100110/bin/../lib/gcc/avr/4.3.3/avr5\libgcc.a(_div_sf.o)
 .debug_pubnames
                0x0000006e       0x1e c:/winavr-20100110/bin/../lib/gcc/avr/4.3.3/avr5\libgcc.a(_ge_sf.o)
 .debug_pubnames
                0x0000008c       0x20 c:/winavr-20100110/bin/../lib/gcc/avr/4.3.3/avr5\libgcc.a(_sf_to_si.o)
 .debug_pubnames
                0x000000ac       0x22 c:/winavr-20100110/bin/../lib/gcc/avr/4.3.3/avr5\libgcc.a(_thenan_sf.o)
 .debug_pubnames
                0x000000ce       0x24 c:/winavr-20100110/bin/../lib/gcc/avr/4.3.3/avr5\libgcc.a(_usi_to_sf.o)
 .debug_pubnames
                0x000000f2       0x1f c:/winavr-20100110/bin/../lib/gcc/avr/4.3.3/avr5\libgcc.a(_clzsi2.o)
 .debug_pubnames
                0x00000111       0x1f c:/winavr-20100110/bin/../lib/gcc/avr/4.3.3/avr5\libgcc.a(_pack_sf.o)
 .debug_pubnames
                0x00000130       0x21 c:/winavr-20100110/bin/../lib/gcc/avr/4.3.3/avr5\libgcc.a(_unpack_sf.o)
 .debug_pubnames
                0x00000151       0x26 c:/winavr-20100110/bin/../lib/gcc/avr/4.3.3/avr5\libgcc.a(_fpcmp_parts_sf.o)
 .debug_pubnames
                0x00000177       0x20 c:/winavr-20100110/bin/../lib/gcc/avr/4.3.3/avr5\libgcc.a(_clz.o)

.debug_info     0x00000000     0x1a88
 *(.debug_info)
 .debug_info    0x00000000       0xb1 c:/winavr-20100110/bin/../lib/gcc/avr/4.3.3/avr5\libgcc.a(_fixunssfsi.o)
 .debug_info    0x000000b1      0x47a c:/winavr-20100110/bin/../lib/gcc/avr/4.3.3/avr5\libgcc.a(_addsub_sf.o)
 .debug_info    0x0000052b      0x3fc c:/winavr-20100110/bin/../lib/gcc/avr/4.3.3/avr5\libgcc.a(_div_sf.o)
 .debug_info    0x00000927      0x27f c:/winavr-20100110/bin/../lib/gcc/avr/4.3.3/avr5\libgcc.a(_ge_sf.o)
 .debug_info    0x00000ba6      0x2b0 c:/winavr-20100110/bin/../lib/gcc/avr/4.3.3/avr5\libgcc.a(_sf_to_si.o)
 .debug_info    0x00000e56      0x12c c:/winavr-20100110/bin/../lib/gcc/avr/4.3.3/avr5\libgcc.a(_thenan_sf.o)
 .debug_info    0x00000f82      0x206 c:/winavr-20100110/bin/../lib/gcc/avr/4.3.3/avr5\libgcc.a(_usi_to_sf.o)
 .debug_info    0x00001188      0x117 c:/winavr-20100110/bin/../lib/gcc/avr/4.3.3/avr5\libgcc.a(_clzsi2.o)
 .debug_info    0x0000129f      0x2df c:/winavr-20100110/bin/../lib/gcc/avr/4.3.3/avr5\libgcc.a(_pack_sf.o)
 .debug_info    0x0000157e      0x251 c:/winavr-20100110/bin/../lib/gcc/avr/4.3.3/avr5\libgcc.a(_unpack_sf.o)
 .debug_info    0x000017cf      0x210 c:/winavr-20100110/bin/../lib/gcc/avr/4.3.3/avr5\libgcc.a(_fpcmp_parts_sf.o)
 .debug_info    0x000019df       0xa9 c:/winavr-20100110/bin/../lib/gcc/avr/4.3.3/avr5\libgcc.a(_clz.o)
 *(.gnu.linkonce.wi.*)

.debug_abbrev   0x00000000      0xeb7
 *(.debug_abbrev)
 .debug_abbrev  0x00000000       0x5d c:/winavr-20100110/bin/../lib/gcc/avr/4.3.3/avr5\libgcc.a(_fixunssfsi.o)
 .debug_abbrev  0x0000005d      0x1ea c:/winavr-20100110/bin/../lib/gcc/avr/4.3.3/avr5\libgcc.a(_addsub_sf.o)
 .debug_abbrev  0x00000247      0x216 c:/winavr-20100110/bin/../lib/gcc/avr/4.3.3/avr5\libgcc.a(_div_sf.o)
 .debug_abbrev  0x0000045d      0x15a c:/winavr-20100110/bin/../lib/gcc/avr/4.3.3/avr5\libgcc.a(_ge_sf.o)
 .debug_abbrev  0x000005b7      0x17f c:/winavr-20100110/bin/../lib/gcc/avr/4.3.3/avr5\libgcc.a(_sf_to_si.o)
 .debug_abbrev  0x00000736       0xad c:/winavr-20100110/bin/../lib/gcc/avr/4.3.3/avr5\libgcc.a(_thenan_sf.o)
 .debug_abbrev  0x000007e3      0x157 c:/winavr-20100110/bin/../lib/gcc/avr/4.3.3/avr5\libgcc.a(_usi_to_sf.o)
 .debug_abbrev  0x0000093a       0xc4 c:/winavr-20100110/bin/../lib/gcc/avr/4.3.3/avr5\libgcc.a(_clzsi2.o)
 .debug_abbrev  0x000009fe      0x1c0 c:/winavr-20100110/bin/../lib/gcc/avr/4.3.3/avr5\libgcc.a(_pack_sf.o)
 .debug_abbrev  0x00000bbe      0x154 c:/winavr-20100110/bin/../lib/gcc/avr/4.3.3/avr5\libgcc.a(_unpack_sf.o)
 .debug_abbrev  0x00000d12      0x13b c:/winavr-20100110/bin/../lib/gcc/avr/4.3.3/avr5\libgcc.a(_fpcmp_parts_sf.o)
 .debug_abbrev  0x00000e4d       0x6a c:/winavr-20100110/bin/../lib/gcc/avr/4.3.3/avr5\libgcc.a(_clz.o)

.debug_line     0x00000000      0xdf7
 *(.debug_line)
 .debug_line    0x00000000       0xa7 c:/winavr-20100110/bin/../lib/gcc/avr/4.3.3/avr5\libgcc.a(_fixunssfsi.o)
 .debug_line    0x000000a7      0x2af c:/winavr-20100110/bin/../lib/gcc/avr/4.3.3/avr5\libgcc.a(_addsub_sf.o)
 .debug_line    0x00000356      0x1d5 c:/winavr-20100110/bin/../lib/gcc/avr/4.3.3/avr5\libgcc.a(_div_sf.o)
 .debug_line    0x0000052b       0xd3 c:/winavr-20100110/bin/../lib/gcc/avr/4.3.3/avr5\libgcc.a(_ge_sf.o)
 .debug_line    0x000005fe      0x109 c:/winavr-20100110/bin/../lib/gcc/avr/4.3.3/avr5\libgcc.a(_sf_to_si.o)
 .debug_line    0x00000707       0x90 c:/winavr-20100110/bin/../lib/gcc/avr/4.3.3/avr5\libgcc.a(_thenan_sf.o)
 .debug_line    0x00000797      0x133 c:/winavr-20100110/bin/../lib/gcc/avr/4.3.3/avr5\libgcc.a(_usi_to_sf.o)
 .debug_line    0x000008ca       0xa5 c:/winavr-20100110/bin/../lib/gcc/avr/4.3.3/avr5\libgcc.a(_clzsi2.o)
 .debug_line    0x0000096f      0x18a c:/winavr-20100110/bin/../lib/gcc/avr/4.3.3/avr5\libgcc.a(_pack_sf.o)
 .debug_line    0x00000af9      0x14b c:/winavr-20100110/bin/../lib/gcc/avr/4.3.3/avr5\libgcc.a(_unpack_sf.o)
 .debug_line    0x00000c44      0x137 c:/winavr-20100110/bin/../lib/gcc/avr/4.3.3/avr5\libgcc.a(_fpcmp_parts_sf.o)
 .debug_line    0x00000d7b       0x7c c:/winavr-20100110/bin/../lib/gcc/avr/4.3.3/avr5\libgcc.a(_clz.o)

.debug_frame    0x00000000      0x160
 *(.debug_frame)
 .debug_frame   0x00000000       0x20 c:/winavr-20100110/bin/../lib/gcc/avr/4.3.3/avr5\libgcc.a(_fixunssfsi.o)
 .debug_frame   0x00000020       0x40 c:/winavr-20100110/bin/../lib/gcc/avr/4.3.3/avr5\libgcc.a(_addsub_sf.o)
 .debug_frame   0x00000060       0x20 c:/winavr-20100110/bin/../lib/gcc/avr/4.3.3/avr5\libgcc.a(_div_sf.o)
 .debug_frame   0x00000080       0x20 c:/winavr-20100110/bin/../lib/gcc/avr/4.3.3/avr5\libgcc.a(_ge_sf.o)
 .debug_frame   0x000000a0       0x20 c:/winavr-20100110/bin/../lib/gcc/avr/4.3.3/avr5\libgcc.a(_sf_to_si.o)
 .debug_frame   0x000000c0       0x20 c:/winavr-20100110/bin/../lib/gcc/avr/4.3.3/avr5\libgcc.a(_usi_to_sf.o)
 .debug_frame   0x000000e0       0x20 c:/winavr-20100110/bin/../lib/gcc/avr/4.3.3/avr5\libgcc.a(_clzsi2.o)
 .debug_frame   0x00000100       0x20 c:/winavr-20100110/bin/../lib/gcc/avr/4.3.3/avr5\libgcc.a(_pack_sf.o)
 .debug_frame   0x00000120       0x20 c:/winavr-20100110/bin/../lib/gcc/avr/4.3.3/avr5\libgcc.a(_unpack_sf.o)
 .debug_frame   0x00000140       0x20 c:/winavr-20100110/bin/../lib/gcc/avr/4.3.3/avr5\libgcc.a(_fpcmp_parts_sf.o)

.debug_str      0x00000000      0x2bf
 *(.debug_str)
 .debug_str     0x00000000       0xbf c:/winavr-20100110/bin/../lib/gcc/avr/4.3.3/avr5\libgcc.a(_fixunssfsi.o)
                                 0xfe (size before relaxing)
 .debug_str     0x000000bf      0x14d c:/winavr-20100110/bin/../lib/gcc/avr/4.3.3/avr5\libgcc.a(_addsub_sf.o)
                                0x206 (size before relaxing)
 .debug_str     0x0000020c       0x35 c:/winavr-20100110/bin/../lib/gcc/avr/4.3.3/avr5\libgcc.a(_div_sf.o)
                                0x1c8 (size before relaxing)
 .debug_str     0x00000241        0x8 c:/winavr-20100110/bin/../lib/gcc/avr/4.3.3/avr5\libgcc.a(_ge_sf.o)
                                0x195 (size before relaxing)
 .debug_str     0x00000249        0xa c:/winavr-20100110/bin/../lib/gcc/avr/4.3.3/avr5\libgcc.a(_sf_to_si.o)
                                0x19e (size before relaxing)
 .debug_str     0x00000000      0x103 c:/winavr-20100110/bin/../lib/gcc/avr/4.3.3/avr5\libgcc.a(_thenan_sf.o)
 .debug_str     0x00000253       0x21 c:/winavr-20100110/bin/../lib/gcc/avr/4.3.3/avr5\libgcc.a(_usi_to_sf.o)
                                0x177 (size before relaxing)
 .debug_str     0x00000274       0x20 c:/winavr-20100110/bin/../lib/gcc/avr/4.3.3/avr5\libgcc.a(_clzsi2.o)
                                0x111 (size before relaxing)
 .debug_str     0x00000294       0x10 c:/winavr-20100110/bin/../lib/gcc/avr/4.3.3/avr5\libgcc.a(_pack_sf.o)
                                0x19d (size before relaxing)
 .debug_str     0x000002a4        0xb c:/winavr-20100110/bin/../lib/gcc/avr/4.3.3/avr5\libgcc.a(_unpack_sf.o)
                                0x17f (size before relaxing)
 .debug_str     0x000002af       0x10 c:/winavr-20100110/bin/../lib/gcc/avr/4.3.3/avr5\libgcc.a(_fpcmp_parts_sf.o)
                                0x163 (size before relaxing)
 .debug_str     0x00000000       0xf4 c:/winavr-20100110/bin/../lib/gcc/avr/4.3.3/avr5\libgcc.a(_clz.o)

.debug_loc      0x00000000      0x7f2
 *(.debug_loc)
 .debug_loc     0x00000000       0x34 c:/winavr-20100110/bin/../lib/gcc/avr/4.3.3/avr5\libgcc.a(_fixunssfsi.o)
 .debug_loc     0x00000034      0x32a c:/winavr-20100110/bin/../lib/gcc/avr/4.3.3/avr5\libgcc.a(_addsub_sf.o)
 .debug_loc     0x0000035e       0xc0 c:/winavr-20100110/bin/../lib/gcc/avr/4.3.3/avr5\libgcc.a(_div_sf.o)
 .debug_loc     0x0000041e       0x3c c:/winavr-20100110/bin/../lib/gcc/avr/4.3.3/avr5\libgcc.a(_ge_sf.o)
 .debug_loc     0x0000045a       0x7e c:/winavr-20100110/bin/../lib/gcc/avr/4.3.3/avr5\libgcc.a(_sf_to_si.o)
 .debug_loc     0x000004d8       0x4c c:/winavr-20100110/bin/../lib/gcc/avr/4.3.3/avr5\libgcc.a(_usi_to_sf.o)
 .debug_loc     0x00000524       0x94 c:/winavr-20100110/bin/../lib/gcc/avr/4.3.3/avr5\libgcc.a(_clzsi2.o)
 .debug_loc     0x000005b8      0x13e c:/winavr-20100110/bin/../lib/gcc/avr/4.3.3/avr5\libgcc.a(_pack_sf.o)
 .debug_loc     0x000006f6       0xac c:/winavr-20100110/bin/../lib/gcc/avr/4.3.3/avr5\libgcc.a(_unpack_sf.o)
 .debug_loc     0x000007a2       0x50 c:/winavr-20100110/bin/../lib/gcc/avr/4.3.3/avr5\libgcc.a(_fpcmp_parts_sf.o)

.debug_macinfo
 *(.debug_macinfo)
OUTPUT(RTOS.elf elf32-avr)
LOAD linker stubs
